// Jest Snapshot v1, https://goo.gl/fbAQLP

exports[`Input component Renders with error 1`] = `
.c2 {
  background: #FFFFFF;
  border: 1px solid #CCCCCC !important;
  border-radius: 4px;
  border: none;
  color: #000000;
  font-size: 14pxpx;
  margin-top: 8px;
  outline: none;
  padding: 14px;
  width: 100%;
  height: 44px;
}

.c2:focus {
  border-color: #000000 !important;
}

.c1 {
  font-size: 16px;
  line-height: 20px;
  color: #515151;
}

.c0 {
  -webkit-align-items: flex-start;
  -webkit-box-align: flex-start;
  -ms-flex-align: flex-start;
  align-items: flex-start;
  display: -webkit-box;
  display: -webkit-flex;
  display: -ms-flexbox;
  display: flex;
  -webkit-flex-direction: column;
  -ms-flex-direction: column;
  flex-direction: column;
  -webkit-box-pack: stretch;
  -webkit-justify-content: stretch;
  -ms-flex-pack: stretch;
  justify-content: stretch;
  margin-bottom: 10px;
  margin-top: 10px;
  position: relative;
  width: 100%;
}

.c0 + .input {
  margin-left: 8px;
}

.c3 {
  color: #DE1616;
  font-size: 12px;
  margin-top: 8px;
}

<div
  class="c0 input"
  width="100%"
>
  <label
    class="c1"
    for="test"
  >
    Label
  </label>
  <input
    class="c2"
    id="test"
    maxlength="1000"
    minlength="0"
    name="test"
  />
  <span
    class="c3"
  >
    Error message
  </span>
</div>
`;
